Run our two-layer UPPER algorithm for 5 minutes to fix the integer variables,

Run Mono-GRB-direct-MILP (default mode) for 5 minutes, to get the deterministic ub and lb.

Finally compare the ub derived by our algo and Gurobi default

SEEDi = 0
julia> result_analysis(mst, sub)
mst's lb = 19221.67817745246, xHa = 0xda8cfebba82c0f04
ub = 19913.934129469784, erravg = 207.4020450587537, errsum = 3111.030675881306
agap = 692.2559520173236, rgap = 0.034762390370312785
#
grbObjVal = 21541.553258527267,
grbGap = 0.10205330750908834,
localObjVal = 20161.45904363282,
localGap = 0.040586970528795466,
ObjBnd = 19343.16649961138

SEEDi = 1
julia> result_analysis(mst, sub)
mst's lb = 14140.526444024339, xHa = 0x41aa61470032f3de
ub = 14632.616299605326, erravg = 123.92590290127713, errsum = 1858.8885435191569
agap = 492.0898555809872, rgap = 0.03362965620811501
#
grbObjVal = 15260.59872077201, 
grbGap = 0.06191914597397409, 
localObjVal = 14825.563163485866, 
localGap = 0.034392466372636085, 
ObjBnd = 14315.675480930286

SEEDi = 2
julia> result_analysis(mst, sub)
mst's lb = 14667.357084768752, xHa = 0xb0caf9fe8ce1e31e
ub = 15039.941222164163, erravg = 18.867778591104557, errsum = 283.0166788665683
agap = 372.58413739541174, rgap = 0.024772978291054716
#
grbObjVal = 16709.51275059847, 
grbGap = 0.12107742309551904, 
localObjVal = 15266.074942387362, 
localGap = 0.037973541922257575, 
ObjBnd = 14686.36800557429

SEEDi = 3
julia> result_analysis(mst, sub)
mst's lb = 14355.435478125877, xHa = 0xd0b1954c4427c020
ub = 14735.20087506753, erravg = 40.600816795495426, errsum = 609.0122519324314
agap = 379.7653969416533, rgap = 0.02577266507335027
#
grbObjVal = 15741.814707101596, 
grbGap = 0.0764924560647599, 
localObjVal = 15000.191049641204, 
localGap = 0.030833368113216877, 
ObjBnd = 14537.684637239036

SEEDi = 4
julia> result_analysis(mst, sub)
mst's lb = 15742.422393303805, xHa = 0xc68b5050061dabae
ub = 16325.761279524071, erravg = 165.96894728238016, errsum = 2489.5342092357023
agap = 583.3388862202664, rgap = 0.035731190492898836
#
grbObjVal = 17272.25449465366, 
grbGap = 0.08658436558641917, 
localObjVal = 16602.292361929507, 
localGap = 0.04972476372212666, 
ObjBnd = 15776.747296986894

SEEDi = 5
mst's lb = 13049.110903614679, xHa = 0x41aa61470032f3de
ub = 13371.816400809097, erravg = 12.868024305570604, errsum = 193.02036458355906
agap = 322.70549719441806, rgap = 0.02413325815443382
#
grbObjVal = 14002.740759284046,
grbGap = 0.06106996304958898,
localObjVal = 13600.290957405097,
localGap = 0.03328583633256877,
ObjBnd = 13147.593898521596

SEEDi = 6
julia> result_analysis(mst, sub)
mst's lb = 14949.5044614113, xHa = 0x827793dc120f82f6
ub = 15248.328773285833, erravg = 21.56105317681528, errsum = 323.41579765222923
agap = 298.82431187453403, rgap = 0.01959718447296706
#
grbObjVal = 15525.822554766524,
grbGap = 0.03323338882868653,
localObjVal = 15522.447654129697,
localGap = 0.03302319380504042,
ObjBnd = 15009.846856918777


SEEDi = 7
julia> result_analysis(mst, sub)
mst's lb = 17585.30691161892, xHa = 0x41aa61470032f3de
ub = 18221.667078504044, erravg = 158.0656849712581, errsum = 2370.9852745688713
agap = 636.3601668851225, rgap = 0.03492326822477354
#
grbObjVal = 20080.475670778113,
grbGap = 0.120448195898666,
localObjVal = 18457.82567291908,
localGap = 0.04312572258395148,
ObjBnd = 17661.818603445834

SEEDi = 8
julia> result_analysis(mst, sub)
mst's lb = 15280.952219224604, xHa = 0x0a4bacdfddfd9226
ub = 15747.982158649176, erravg = 67.40375864057472, errsum = 1011.0563796086208
agap = 467.02993942457215, rgap = 0.029656494065055054
#
grbObjVal = 16286.865886266605, 
grbGap = 0.06124246965795048, 
localObjVal = 16034.95522210669, 
localGap = 0.04649450000802224, 
ObjBnd = 15289.417996403814

SEEDi = 9
julia> result_analysis(mst, sub)
mst's lb = 15373.833206060732, xHa = 0x06a997989f1f4a1a
ub = 15854.868359730655, erravg = 120.64330679572122, errsum = 1809.6496019358183
agap = 481.0351536699236, rgap = 0.03033990208910795
#
grbObjVal = 16244.677090818715, 
grbGap = 0.0512943532818479, 
localObjVal = 16074.485713923632, 
localGap = 0.04124976938929786, 
ObjBnd = 15411.416885172719
